Joe Biden
Beijing
2
